---
source: server/src/auth/login.rs
expression: result
---
Ok(
    Response {
        status: 200,
        version: HTTP/1.1,
        headers: {
            "set-cookie": "ACCESS_TOKEN=eyJ0eXAiOiJKV1QiLCJhbGciOiJIUzI1NiJ9.eyJ1c2VyIjp7ImlkIjoiOTk2ZDkwMzUtMzRlNy00YzZmLWE1MjUtOTUyZGI4NDI4ODc2IiwidXNlcm5hbWUiOiJ1bmFtZSIsImRpc3BsYXlOYW1lIjoiVXNlciBOYW1lcnNvbiIsInJlZnJlc2hUb2tlblZlcnNpb24iOjB9LCJleHAiOjE3MjIxOTg2OTJ9.sk8eb1Y70HArDCtHhGXRwtz627I9nuGUU0K0pX5t6uk; Path=/; HttpOnly; SameSite=Strict; Max-Age=999999",
            "set-cookie": "REFRESH_TOKEN=eyJ0eXAiOiJKV1QiLCJhbGciOiJIUzI1NiJ9.eyJ1c2VyIjp7ImlkIjoiOTk2ZDkwMzUtMzRlNy00YzZmLWE1MjUtOTUyZGI4NDI4ODc2IiwidXNlcm5hbWUiOiJ1bmFtZSIsImRpc3BsYXlOYW1lIjoiVXNlciBOYW1lcnNvbiIsInJlZnJlc2hUb2tlblZlcnNpb24iOjB9LCJleHAiOjE3MjIxOTg2OTJ9.sk8eb1Y70HArDCtHhGXRwtz627I9nuGUU0K0pX5t6uk; Path=/; HttpOnly; SameSite=Strict; Max-Age=999999",
        },
        body: Body(
            UnsyncBoxBody,
        ),
    },
)
